*****************************************************************
      SolidWorks 公司 - IGES 处理器状态报告
*****************************************************************
=================================================================
总信息
=================================================================
发送系统产品 I.D.  : ASM0001_ASM
接收系统产品 I.D.  : ASM0001_ASM
文件名称                    : asm0001_asm.igs
发送系统              : Pro/ENGINEER by Parametric Technology Corporation
预处理器版本         : 2010280
文件生成日期          : 20170822.141000
模型生成日期         : 20170822.141000
单位                        : MM
模型空间比例            : 1
作者                       : JCEAS
组织                 : Unknown


=================================================================
实体处理信息
=================================================================


=================================================================
IGES 文件的精度分析：
=================================================================
  有效位数的最普遍的数:              13
  有效位数的最大数:                     13
  有效位数的平均数:                8.90272
  与原点的最大距离:                          19.8295
  与原点的最小距离:                        0.0192308
  有效位数的有效数:              12.9992


=================================================================
实体概要
=================================================================
-----------------------------------------------------------------
类型名称                                         记数转换
---- ----                                         ----- ---------
100  Arc                                            650       650
102  Composite curve                               1114      1114
110  Line                                          4013      4013
120  Surface of revolution                          206       206
124  Transformation matrix                          650       650
126  Rational B-spline curve                        657       657
128  Rational B-spline surface                      315       315
142  Curve on a parametric surface                  557       557
144  Trimmed parametric surface                     521       521
314  Color definition                                13        13
402  Associativity instance                           5         5
406  Property                                         5         5
_________________________________________________________________


=================================================================
结果概要
=================================================================
SolidWorks 特征类型                记数
-----------------------                -----
实体特征                       8
曲面特征                     0
曲线/草图特征                0
--------------------------------------------
开始时间: 星期六, 八月 05, 2023 23:42:31
结束时间: 星期六, 八月 05, 2023 23:42:34
处理时间: 0 days, 00 hours, 00 mins, 03 secs
